ffmpeg version 8.1.2-full_build-www.gyan.dev Copyright (c) 2000-2026 the FFmpeg developers
  built with gcc 16.1.0 (Rev2, Built by MSYS2 project)
  configuration: --enable-gpl --enable-version3 --enable-static --disable-w32threads --disable-autodetect --enable-cairo --enable-fontconfig --enable-iconv --enable-gnutls --enable-lcms2 --enable-libxml2 --enable-gmp --enable-bzlib --enable-lzma --enable-libsnappy --enable-zlib --enable-librist --enable-libsrt --enable-libssh --enable-libzmq --enable-avisynth --enable-libbluray --enable-libcaca --enable-libdvdnav --enable-libdvdread --enable-sdl2 --enable-libaribb24 --enable-libaribcaption --enable-libdav1d --enable-libdavs2 --enable-libopenjpeg --enable-libquirc --enable-libuavs3d --enable-libxevd --enable-libzvbi --enable-liboapv --enable-libqrencode --enable-librav1e --enable-libsvtav1 --enable-libvvenc --enable-libwebp --enable-libx264 --enable-libx265 --enable-libxavs2 --enable-libxeve --enable-libxvid --enable-libaom --enable-libjxl --enable-libsvtjpegxs --enable-libvpx --enable-mediafoundation --enable-libass --enable-frei0r --enable-libfreetype --enable-libfribidi --enable-libharfbuzz --enable-liblensfun --enable-libvidstab --enable-libvmaf --enable-libzimg --enable-amf --enable-cuda-llvm --enable-cuvid --enable-dxva2 --enable-d3d11va --enable-d3d12va --enable-ffnvcodec --enable-libvpl --enable-nvdec --enable-nvenc --enable-vaapi --enable-libshaderc --enable-vulkan --enable-libplacebo --enable-opencl --enable-libcdio --enable-openal --enable-libgme --enable-libmodplug --enable-libopenmpt --enable-libopencore-amrwb --enable-libmp3lame --enable-libshine --enable-libtheora --enable-libtwolame --enable-libvo-amrwbenc --enable-libcodec2 --enable-libilbc --enable-libgsm --enable-liblc3 --enable-libopencore-amrnb --enable-libopus --enable-libspeex --enable-libvorbis --enable-ladspa --enable-libbs2b --enable-libflite --enable-libmysofa --enable-librubberband --enable-libsoxr --enable-chromaprint --enable-whisper
  libavutil      60. 26.102 / 60. 26.102
  libavcodec     62. 28.102 / 62. 28.102
  libavformat    62. 12.102 / 62. 12.102
  libavdevice    62.  3.102 / 62.  3.102
  libavfilter    11. 14.102 / 11. 14.102
  libswscale      9.  5.102 /  9.  5.102
  libswresample   6.  3.102 /  6.  3.102
Input #0, png_pipe, from 'C:\Users\ReMarkt\voodoo-pulse-extension\promo-video\ui-send.png':
  Duration: N/A, bitrate: N/A
  Stream #0:0: Video: png, rgb24(pc, gbr/unknown/unknown), 1920x1080, 25 fps, 25 tbr, 25 tbn
Stream mapping:
  Stream #0:0 -> #0:0 (png (native) -> h264 (libx264))
Press [q] to stop, [?] for help
[libx264 @ 000001a0e8e5ea80] using cpu capabilities: MMX2 SSE2Fast SSSE3 SSE4.2 AVX FMA3 BMI2 AVX2
[libx264 @ 000001a0e8e5ea80] profile High, level 3.1, 4:2:0, 8-bit
[libx264 @ 000001a0e8e5ea80] 264 - core 165 r3223 0480cb0 - H.264/MPEG-4 AVC codec - Copyleft 2003-2025 - http://www.videolan.org/x264.html - options: cabac=1 ref=3 deblock=1:0:0 analyse=0x3:0x113 me=hex subme=7 psy=1 psy_rd=1.00:0.00 mixed_ref=1 me_range=16 chroma_me=1 trellis=1 8x8dct=1 cqm=0 deadzone=21,11 fast_pskip=1 chroma_qp_offset=-2 threads=6 lookahead_threads=1 sliced_threads=0 nr=0 decimate=1 interlaced=0 bluray_compat=0 constrained_intra=0 bframes=3 b_pyramid=2 b_adapt=1 b_bias=0 direct=1 weightb=1 open_gop=0 weightp=2 keyint=250 keyint_min=24 scenecut=40 intra_refresh=0 rc_lookahead=40 rc=crf mbtree=1 crf=18.0 qcomp=0.60 qpmin=0 qpmax=69 qpstep=4 ip_ratio=1.40 aq=1:1.00
Output #0, mp4, to 'C:\Users\ReMarkt\voodoo-pulse-extension\promo-video\clip03.mp4':
  Metadata:
    encoder         : Lavf62.12.102
  Stream #0:0: Video: h264 (avc1 / 0x31637661), yuv420p(tv, progressive), 1280x720, q=2-31, 24 fps, 12288 tbn
    Metadata:
      encoder         : Lavc62.28.102 libx264
    Side data:
      CPB properties: bitrate max/min/avg: 0/0/0 buffer size: 0 vbv_delay: N/A
frame=    0 fps=0.0 q=0.0 size=       0KiB time=N/A bitrate=N/A speed=N/A elapsed=0:00:00.52    frame=   22 fps= 21 q=23.0 size=       0KiB time=00:00:00.83 bitrate=   0.5kbits/s speed=0.798x elapsed=0:00:01.04    frame=   43 fps= 27 q=23.0 size=     256KiB time=00:00:01.70 bitrate=1227.8kbits/s speed=1.08x elapsed=0:00:01.57    frame=   61 fps= 29 q=23.0 size=     256KiB time=00:00:02.45 bitrate= 853.2kbits/s speed=1.17x elapsed=0:00:02.09    frame=   83 fps= 32 q=23.0 size=     256KiB time=00:00:03.37 bitrate= 621.5kbits/s speed=1.29x elapsed=0:00:02.61    frame=  111 fps= 35 q=23.0 size=     512KiB time=00:00:04.54 bitrate= 923.6kbits/s speed=1.45x elapsed=0:00:03.14    frame=  150 fps= 41 q=23.0 size=     512KiB time=00:00:06.16 bitrate= 680.2kbits/s speed=1.69x elapsed=0:00:03.65    [out#0/mp4 @ 000001a0e6344740] video:607KiB audio:0KiB subtitle:0KiB other streams:0KiB global headers:0KiB muxing overhead: 0.461709%
frame=  168 fps= 44 q=-1.0 Lsize=     609KiB time=00:00:06.91 bitrate= 721.8kbits/s speed=1.82x elapsed=0:00:03.79    
[libx264 @ 000001a0e8e5ea80] frame I:1     Avg QP:13.49  size: 29970
[libx264 @ 000001a0e8e5ea80] frame P:42    Avg QP:11.01  size:  8235
[libx264 @ 000001a0e8e5ea80] frame B:125   Avg QP:15.40  size:  1957
[libx264 @ 000001a0e8e5ea80] consecutive B-frames:  0.6%  0.0%  1.8% 97.6%
[libx264 @ 000001a0e8e5ea80] mb I  I16..4: 31.5% 49.8% 18.7%
[libx264 @ 000001a0e8e5ea80] mb P  I16..4:  1.9%  1.0%  0.3%  P16..4: 17.6%  3.4%  3.2%  0.0%  0.0%    skip:72.7%
[libx264 @ 000001a0e8e5ea80] mb B  I16..4:  0.5%  0.0%  0.0%  B16..8: 18.5%  1.1%  0.2%  direct: 0.6%  skip:78.9%  L0:49.7% L1:45.7% BI: 4.6%
[libx264 @ 000001a0e8e5ea80] 8x8 transform intra:31.1% inter:67.9%
[libx264 @ 000001a0e8e5ea80] coded y,uvDC,uvAC intra: 17.4% 28.2% 17.2% inter: 3.5% 1.7% 0.9%
[libx264 @ 000001a0e8e5ea80] i16 v,h,dc,p: 38% 56%  3%  3%
[libx264 @ 000001a0e8e5ea80] i8 v,h,dc,ddl,ddr,vr,hd,vl,hu: 18% 15% 58%  4%  1%  0%  1%  1%  2%
[libx264 @ 000001a0e8e5ea80] i4 v,h,dc,ddl,ddr,vr,hd,vl,hu: 40% 31% 21%  2%  1%  1%  2%  1%  1%
[libx264 @ 000001a0e8e5ea80] i8c dc,h,v,p: 44% 37% 17%  2%
[libx264 @ 000001a0e8e5ea80] Weighted P-Frames: Y:0.0% UV:0.0%
[libx264 @ 000001a0e8e5ea80] ref P L0: 63.6%  1.1% 19.8% 15.5%
[libx264 @ 000001a0e8e5ea80] ref B L0: 66.8% 24.5%  8.7%
[libx264 @ 000001a0e8e5ea80] ref B L1: 86.9% 13.1%
[libx264 @ 000001a0e8e5ea80] kb/s:709.12
