ffmpeg version 8.1.2-full_build-www.gyan.dev Copyright (c) 2000-2026 the FFmpeg developers
  built with gcc 16.1.0 (Rev2, Built by MSYS2 project)
  configuration: --enable-gpl --enable-version3 --enable-static --disable-w32threads --disable-autodetect --enable-cairo --enable-fontconfig --enable-iconv --enable-gnutls --enable-lcms2 --enable-libxml2 --enable-gmp --enable-bzlib --enable-lzma --enable-libsnappy --enable-zlib --enable-librist --enable-libsrt --enable-libssh --enable-libzmq --enable-avisynth --enable-libbluray --enable-libcaca --enable-libdvdnav --enable-libdvdread --enable-sdl2 --enable-libaribb24 --enable-libaribcaption --enable-libdav1d --enable-libdavs2 --enable-libopenjpeg --enable-libquirc --enable-libuavs3d --enable-libxevd --enable-libzvbi --enable-liboapv --enable-libqrencode --enable-librav1e --enable-libsvtav1 --enable-libvvenc --enable-libwebp --enable-libx264 --enable-libx265 --enable-libxavs2 --enable-libxeve --enable-libxvid --enable-libaom --enable-libjxl --enable-libsvtjpegxs --enable-libvpx --enable-mediafoundation --enable-libass --enable-frei0r --enable-libfreetype --enable-libfribidi --enable-libharfbuzz --enable-liblensfun --enable-libvidstab --enable-libvmaf --enable-libzimg --enable-amf --enable-cuda-llvm --enable-cuvid --enable-dxva2 --enable-d3d11va --enable-d3d12va --enable-ffnvcodec --enable-libvpl --enable-nvdec --enable-nvenc --enable-vaapi --enable-libshaderc --enable-vulkan --enable-libplacebo --enable-opencl --enable-libcdio --enable-openal --enable-libgme --enable-libmodplug --enable-libopenmpt --enable-libopencore-amrwb --enable-libmp3lame --enable-libshine --enable-libtheora --enable-libtwolame --enable-libvo-amrwbenc --enable-libcodec2 --enable-libilbc --enable-libgsm --enable-liblc3 --enable-libopencore-amrnb --enable-libopus --enable-libspeex --enable-libvorbis --enable-ladspa --enable-libbs2b --enable-libflite --enable-libmysofa --enable-librubberband --enable-libsoxr --enable-chromaprint --enable-whisper
  libavutil      60. 26.102 / 60. 26.102
  libavcodec     62. 28.102 / 62. 28.102
  libavformat    62. 12.102 / 62. 12.102
  libavdevice    62.  3.102 / 62.  3.102
  libavfilter    11. 14.102 / 11. 14.102
  libswscale      9.  5.102 /  9.  5.102
  libswresample   6.  3.102 /  6.  3.102
Input #0, png_pipe, from 'C:\Users\ReMarkt\voodoo-pulse-extension\promo-video\ui-stake.png':
  Duration: N/A, bitrate: N/A
  Stream #0:0: Video: png, rgb24(pc, gbr/unknown/unknown), 1920x1080, 25 fps, 25 tbr, 25 tbn
Stream mapping:
  Stream #0:0 -> #0:0 (png (native) -> h264 (libx264))
Press [q] to stop, [?] for help
[libx264 @ 0000018a41201300] using cpu capabilities: MMX2 SSE2Fast SSSE3 SSE4.2 AVX FMA3 BMI2 AVX2
[libx264 @ 0000018a41201300] profile High, level 3.1, 4:2:0, 8-bit
[libx264 @ 0000018a41201300] 264 - core 165 r3223 0480cb0 - H.264/MPEG-4 AVC codec - Copyleft 2003-2025 - http://www.videolan.org/x264.html - options: cabac=1 ref=3 deblock=1:0:0 analyse=0x3:0x113 me=hex subme=7 psy=1 psy_rd=1.00:0.00 mixed_ref=1 me_range=16 chroma_me=1 trellis=1 8x8dct=1 cqm=0 deadzone=21,11 fast_pskip=1 chroma_qp_offset=-2 threads=6 lookahead_threads=1 sliced_threads=0 nr=0 decimate=1 interlaced=0 bluray_compat=0 constrained_intra=0 bframes=3 b_pyramid=2 b_adapt=1 b_bias=0 direct=1 weightb=1 open_gop=0 weightp=2 keyint=250 keyint_min=24 scenecut=40 intra_refresh=0 rc_lookahead=40 rc=crf mbtree=1 crf=18.0 qcomp=0.60 qpmin=0 qpmax=69 qpstep=4 ip_ratio=1.40 aq=1:1.00
Output #0, mp4, to 'C:\Users\ReMarkt\voodoo-pulse-extension\promo-video\clip04.mp4':
  Metadata:
    encoder         : Lavf62.12.102
  Stream #0:0: Video: h264 (avc1 / 0x31637661), yuv420p(tv, progressive), 1280x720, q=2-31, 24 fps, 12288 tbn
    Metadata:
      encoder         : Lavc62.28.102 libx264
    Side data:
      CPB properties: bitrate max/min/avg: 0/0/0 buffer size: 0 vbv_delay: N/A
frame=    0 fps=0.0 q=0.0 size=       0KiB time=N/A bitrate=N/A speed=N/A elapsed=0:00:00.51    frame=   17 fps= 16 q=23.0 size=       0KiB time=00:00:00.62 bitrate=   0.6kbits/s speed=0.599x elapsed=0:00:01.04    frame=   30 fps= 19 q=23.0 size=       0KiB time=00:00:01.16 bitrate=   0.3kbits/s speed=0.744x elapsed=0:00:01.56    frame=   46 fps= 22 q=23.0 size=     256KiB time=00:00:01.83 bitrate=1144.1kbits/s speed=0.88x elapsed=0:00:02.08    frame=   60 fps= 23 q=23.0 size=     256KiB time=00:00:02.41 bitrate= 867.9kbits/s speed=0.928x elapsed=0:00:02.60    frame=   83 fps= 26 q=23.0 size=     512KiB time=00:00:03.37 bitrate=1242.9kbits/s speed=1.08x elapsed=0:00:03.13    frame=  116 fps= 32 q=23.0 size=     512KiB time=00:00:04.75 bitrate= 883.1kbits/s speed=1.29x elapsed=0:00:03.67    frame=  158 fps= 38 q=23.0 size=     512KiB time=00:00:06.50 bitrate= 645.3kbits/s speed=1.55x elapsed=0:00:04.20    [out#0/mp4 @ 0000018a3e34c900] video:636KiB audio:0KiB subtitle:0KiB other streams:0KiB global headers:0KiB muxing overhead: 0.484603%
frame=  192 fps= 43 q=-1.0 Lsize=     639KiB time=00:00:07.91 bitrate= 661.3kbits/s speed=1.77x elapsed=0:00:04.46    
[libx264 @ 0000018a41201300] frame I:1     Avg QP:13.54  size: 31847
[libx264 @ 0000018a41201300] frame P:48    Avg QP:10.35  size:  7653
[libx264 @ 0000018a41201300] frame B:143   Avg QP:15.13  size:  1758
[libx264 @ 0000018a41201300] consecutive B-frames:  0.5%  0.0%  1.6% 97.9%
[libx264 @ 0000018a41201300] mb I  I16..4: 30.1% 51.6% 18.2%
[libx264 @ 0000018a41201300] mb P  I16..4:  1.7%  0.9%  0.3%  P16..4: 16.2%  3.1%  2.8%  0.0%  0.0%    skip:75.1%
[libx264 @ 0000018a41201300] mb B  I16..4:  0.6%  0.0%  0.0%  B16..8: 16.1%  1.0%  0.2%  direct: 0.6%  skip:81.5%  L0:48.9% L1:46.3% BI: 4.8%
[libx264 @ 0000018a41201300] 8x8 transform intra:29.5% inter:66.9%
[libx264 @ 0000018a41201300] coded y,uvDC,uvAC intra: 17.1% 26.8% 16.3% inter: 3.3% 1.5% 0.8%
[libx264 @ 0000018a41201300] i16 v,h,dc,p: 29% 66%  3%  3%
[libx264 @ 0000018a41201300] i8 v,h,dc,ddl,ddr,vr,hd,vl,hu: 16% 15% 59%  4%  1%  0%  1%  1%  3%
[libx264 @ 0000018a41201300] i4 v,h,dc,ddl,ddr,vr,hd,vl,hu: 37% 33% 21%  1%  1%  1%  2%  1%  1%
[libx264 @ 0000018a41201300] i8c dc,h,v,p: 40% 45% 13%  2%
[libx264 @ 0000018a41201300] Weighted P-Frames: Y:0.0% UV:0.0%
[libx264 @ 0000018a41201300] ref P L0: 65.4%  1.2% 18.2% 15.2%
[libx264 @ 0000018a41201300] ref B L0: 67.4% 24.6%  8.0%
[libx264 @ 0000018a41201300] ref B L1: 86.8% 13.2%
[libx264 @ 0000018a41201300] kb/s:650.57
